[digitonaut.com/art/ocean_rescue/index.html]
[digitonaut.com/art/ocean_sky/index.html]
[backblue.gif]
[fade.gif]
[index.html]
[digitonaut.com/art/ocean_under/index.html]
[digitonaut.com/art/octagrams/index.html]
[digitonaut.com/art/on_a_frontier_of_wires/index.html]
[digitonaut.com/art/orbital_trails/index.html]
[digitonaut.com/art/ocean_rescue/shader-web-background.min.js]
[digitonaut.com/art/organic_floating_network/index.html]
[digitonaut.com/art/over_the_moon/index.html]
[digitonaut.com/art/ocean_rescue/ichannel0.jpg]
[digitonaut.com/art/ocean_rescue/index.html]
[digitonaut.com/art/ocean_sky/index.html]
[digitonaut.com/art/ocean_sky/main.js]
[digitonaut.com/art/ocean_under/index.html]
[digitonaut.com/art/ocean_under/main.js]
[digitonaut.com/art/octagrams/shader-web-background.min.js]
[digitonaut.com/art/octagrams/index.html]
[digitonaut.com/art/on_a_frontier_of_wires/shader-web-background.min.js]
[digitonaut.com/art/on_a_frontier_of_wires/index.html]
[digitonaut.com/art/orbital_trails/prefixfree.min.js]
[digitonaut.com/art/orbital_trails/script.js]
[digitonaut.com/art/orbital_trails/index.html]
[digitonaut.com/art/organic_floating_network/openProcessing.js]
[digitonaut.com/art/ocean_sky/three.min.js]
[digitonaut.com/art/ocean_under/three.min.js]
[digitonaut.com/art/organic_floating_network/index.html]
[digitonaut.com/art/organic_floating_network/script.js]
[digitonaut.com/art/over_the_moon/index.html]
[digitonaut.com/art/ocean_sky/main.css]
[digitonaut.com/art/ocean_under/main.css]
[digitonaut.com/art/orbital_trails/style.css]
[digitonaut.com/art/over_the_moon/main.js]
[digitonaut.com/art/over_the_moon/three.min.js]
[digitonaut.com/art/organic_floating_network/p5.js]
[digitonaut.com/art/over_the_moon/main.css]
